======================================================================
TIMESTAMP : 2026-08-11 18:00:44
TO        : 2024mca081@mite.ac.in
SUBJECT   : [ALERT] Live ELEPHANT detected at farm boundaries! (Track #7)
----------------------------------------------------------------------
Alert: An animal intrusion event has occurred.

Species           : Elephant
Tracker ID        : #7
Detection Time    : 2026-08-11 18:00:43
Sensor Brightness : 71.6 Lux
YOLO Confidence   : 55.9%

Please review this alert in the FarmGuard Console and confirm if it is correct.
======================================================================

======================================================================
TIMESTAMP : 2026-08-11 18:00:47
TO        : 2024mca081@mite.ac.in
SUBJECT   : [ALERT] Live MACAQUE detected at farm boundaries! (Track #9)
----------------------------------------------------------------------
Alert: An animal intrusion event has occurred.

Species           : Macaque
Tracker ID        : #9
Detection Time    : 2026-08-11 18:00:47
Sensor Brightness : 21.9 Lux
YOLO Confidence   : 37.3%

Please review this alert in the FarmGuard Console and confirm if it is correct.
======================================================================

======================================================================
TIMESTAMP : 2026-08-11 18:00:57
TO        : 2024mca081@mite.ac.in
SUBJECT   : [ALERT] Live MACAQUE detected at farm boundaries! (Track #9)
----------------------------------------------------------------------
Alert: An animal intrusion event has occurred.

Species           : Macaque
Tracker ID        : #9
Detection Time    : 2026-08-11 18:00:57
Sensor Brightness : 58.3 Lux
YOLO Confidence   : 54.9%

Please review this alert in the FarmGuard Console and confirm if it is correct.
======================================================================

======================================================================
TIMESTAMP : 2026-08-11 18:00:58
TO        : 2024mca081@mite.ac.in
SUBJECT   : [ALERT] Live WILD BOAR detected at farm boundaries! (Track #10)
----------------------------------------------------------------------
Alert: An animal intrusion event has occurred.

Species           : Wild boar
Tracker ID        : #10
Detection Time    : 2026-08-11 18:00:58
Sensor Brightness : 56.9 Lux
YOLO Confidence   : 64.4%

Please review this alert in the FarmGuard Console and confirm if it is correct.
======================================================================

======================================================================
TIMESTAMP : 2026-08-11 18:01:04
TO        : 2024mca081@mite.ac.in
SUBJECT   : [ALERT] Live TV detected at farm boundaries! (Track #12)
----------------------------------------------------------------------
Alert: An animal intrusion event has occurred.

Species           : Tv
Tracker ID        : #12
Detection Time    : 2026-08-11 18:01:04
Sensor Brightness : 63.0 Lux
YOLO Confidence   : 59.2%

Please review this alert in the FarmGuard Console and confirm if it is correct.
======================================================================

======================================================================
TIMESTAMP : 2026-08-11 18:01:09
TO        : 2024mca081@mite.ac.in
SUBJECT   : [ALERT] Live ELEPHANT detected at farm boundaries! (Track #15)
----------------------------------------------------------------------
Alert: An animal intrusion event has occurred.

Species           : Elephant
Tracker ID        : #15
Detection Time    : 2026-08-11 18:01:09
Sensor Brightness : 105.4 Lux
YOLO Confidence   : 93.2%

Please review this alert in the FarmGuard Console and confirm if it is correct.
======================================================================

======================================================================
TIMESTAMP : 2026-08-11 18:01:09
TO        : 2024mca081@mite.ac.in
SUBJECT   : [ALERT] Live ELEPHANT detected at farm boundaries! (Track #16)
----------------------------------------------------------------------
Alert: An animal intrusion event has occurred.

Species           : Elephant
Tracker ID        : #16
Detection Time    : 2026-08-11 18:01:09
Sensor Brightness : 105.4 Lux
YOLO Confidence   : 79.3%

Please review this alert in the FarmGuard Console and confirm if it is correct.
======================================================================

======================================================================
TIMESTAMP : 2026-08-11 18:01:14
TO        : 2024mca081@mite.ac.in
SUBJECT   : [ALERT] Live MACAQUE detected at farm boundaries! (Track #18)
----------------------------------------------------------------------
Alert: An animal intrusion event has occurred.

Species           : Macaque
Tracker ID        : #18
Detection Time    : 2026-08-11 18:01:14
Sensor Brightness : 21.7 Lux
YOLO Confidence   : 36.7%

Please review this alert in the FarmGuard Console and confirm if it is correct.
======================================================================

======================================================================
TIMESTAMP : 2026-08-11 18:01:41
TO        : 2024mca081@mite.ac.in
SUBJECT   : [ALERT] Live WILD BOAR detected at farm boundaries! (Track #21)
----------------------------------------------------------------------
Alert: An animal intrusion event has occurred.

Species           : Wild boar
Tracker ID        : #21
Detection Time    : 2026-08-11 18:01:41
Sensor Brightness : 83.1 Lux
YOLO Confidence   : 78.8%

Please review this alert in the FarmGuard Console and confirm if it is correct.
======================================================================

======================================================================
TIMESTAMP : 2026-08-11 18:01:41
TO        : 2024mca081@mite.ac.in
SUBJECT   : [ALERT] Live WILD BOAR detected at farm boundaries! (Track #22)
----------------------------------------------------------------------
Alert: An animal intrusion event has occurred.

Species           : Wild boar
Tracker ID        : #22
Detection Time    : 2026-08-11 18:01:41
Sensor Brightness : 80.6 Lux
YOLO Confidence   : 57.6%

Please review this alert in the FarmGuard Console and confirm if it is correct.
======================================================================

======================================================================
TIMESTAMP : 2026-08-11 18:01:46
TO        : 2024mca081@mite.ac.in
SUBJECT   : [ALERT] Live WILD BOAR detected at farm boundaries! (Track #29)
----------------------------------------------------------------------
Alert: An animal intrusion event has occurred.

Species           : Wild boar
Tracker ID        : #29
Detection Time    : 2026-08-11 18:01:46
Sensor Brightness : 83.4 Lux
YOLO Confidence   : 52.5%

Please review this alert in the FarmGuard Console and confirm if it is correct.
======================================================================

======================================================================
TIMESTAMP : 2026-08-11 18:01:46
TO        : 2024mca081@mite.ac.in
SUBJECT   : [ALERT] Live NILGAI detected at farm boundaries! (Track #31)
----------------------------------------------------------------------
Alert: An animal intrusion event has occurred.

Species           : Nilgai
Tracker ID        : #31
Detection Time    : 2026-08-11 18:01:46
Sensor Brightness : 83.4 Lux
YOLO Confidence   : 88.5%

Please review this alert in the FarmGuard Console and confirm if it is correct.
======================================================================

======================================================================
TIMESTAMP : 2026-08-11 18:01:46
TO        : 2024mca081@mite.ac.in
SUBJECT   : [ALERT] Live WILD BOAR detected at farm boundaries! (Track #32)
----------------------------------------------------------------------
Alert: An animal intrusion event has occurred.

Species           : Wild boar
Tracker ID        : #32
Detection Time    : 2026-08-11 18:01:46
Sensor Brightness : 78.7 Lux
YOLO Confidence   : 65.2%

Please review this alert in the FarmGuard Console and confirm if it is correct.
======================================================================

======================================================================
TIMESTAMP : 2026-08-11 18:01:48
TO        : 2024mca081@mite.ac.in
SUBJECT   : [ALERT] Live WILD BOAR detected at farm boundaries! (Track #36)
----------------------------------------------------------------------
Alert: An animal intrusion event has occurred.

Species           : Wild boar
Tracker ID        : #36
Detection Time    : 2026-08-11 18:01:48
Sensor Brightness : 71.2 Lux
YOLO Confidence   : 50.5%

Please review this alert in the FarmGuard Console and confirm if it is correct.
======================================================================

======================================================================
TIMESTAMP : 2026-08-11 18:02:12
TO        : 2024mca081@mite.ac.in
SUBJECT   : [ALERT] Live ELEPHANT detected at farm boundaries! (Track #46)
----------------------------------------------------------------------
Alert: An animal intrusion event has occurred.

Species           : Elephant
Tracker ID        : #46
Detection Time    : 2026-08-11 18:02:12
Sensor Brightness : 31.9 Lux
YOLO Confidence   : 37.5%

Please review this alert in the FarmGuard Console and confirm if it is correct.
======================================================================

======================================================================
TIMESTAMP : 2026-08-11 18:02:23
TO        : 2024mca081@mite.ac.in
SUBJECT   : [ALERT] Live WILD BOAR detected at farm boundaries! (Track #48)
----------------------------------------------------------------------
Alert: An animal intrusion event has occurred.

Species           : Wild boar
Tracker ID        : #48
Detection Time    : 2026-08-11 18:02:23
Sensor Brightness : 100.3 Lux
YOLO Confidence   : 58.0%

Please review this alert in the FarmGuard Console and confirm if it is correct.
======================================================================

======================================================================
TIMESTAMP : 2026-08-11 18:02:36
TO        : 2024mca081@mite.ac.in
SUBJECT   : [ALERT] Live MACAQUE detected at farm boundaries! (Track #54)
----------------------------------------------------------------------
Alert: An animal intrusion event has occurred.

Species           : Macaque
Tracker ID        : #54
Detection Time    : 2026-08-11 18:02:36
Sensor Brightness : 32.7 Lux
YOLO Confidence   : 36.2%

Please review this alert in the FarmGuard Console and confirm if it is correct.
======================================================================

======================================================================
TIMESTAMP : 2026-08-11 18:02:42
TO        : 2024mca081@mite.ac.in
SUBJECT   : [ALERT] Live NILGAI detected at farm boundaries! (Track #57)
----------------------------------------------------------------------
Alert: An animal intrusion event has occurred.

Species           : Nilgai
Tracker ID        : #57
Detection Time    : 2026-08-11 18:02:42
Sensor Brightness : 67.4 Lux
YOLO Confidence   : 82.2%

Please review this alert in the FarmGuard Console and confirm if it is correct.
======================================================================

======================================================================
TIMESTAMP : 2026-08-11 18:02:47
TO        : 2024mca081@mite.ac.in
SUBJECT   : [ALERT] Live MACAQUE detected at farm boundaries! (Track #58)
----------------------------------------------------------------------
Alert: An animal intrusion event has occurred.

Species           : Macaque
Tracker ID        : #58
Detection Time    : 2026-08-11 18:02:47
Sensor Brightness : 30.0 Lux
YOLO Confidence   : 40.7%

Please review this alert in the FarmGuard Console and confirm if it is correct.
======================================================================

======================================================================
TIMESTAMP : 2026-08-11 18:02:52
TO        : 2024mca081@mite.ac.in
SUBJECT   : [ALERT] Live MACAQUE detected at farm boundaries! (Track #58)
----------------------------------------------------------------------
Alert: An animal intrusion event has occurred.

Species           : Macaque
Tracker ID        : #58
Detection Time    : 2026-08-11 18:02:52
Sensor Brightness : 32.8 Lux
YOLO Confidence   : 46.0%

Please review this alert in the FarmGuard Console and confirm if it is correct.
======================================================================

======================================================================
TIMESTAMP : 2026-08-11 18:03:03
TO        : 2024mca081@mite.ac.in
SUBJECT   : [ALERT] Live MACAQUE detected at farm boundaries! (Track #62)
----------------------------------------------------------------------
Alert: An animal intrusion event has occurred.

Species           : Macaque
Tracker ID        : #62
Detection Time    : 2026-08-11 18:03:03
Sensor Brightness : 84.6 Lux
YOLO Confidence   : 57.4%

Please review this alert in the FarmGuard Console and confirm if it is correct.
======================================================================

======================================================================
TIMESTAMP : 2026-08-11 18:03:03
TO        : 2024mca081@mite.ac.in
SUBJECT   : [ALERT] Live SPORTS BALL detected at farm boundaries! (Track #63)
----------------------------------------------------------------------
Alert: An animal intrusion event has occurred.

Species           : Sports ball
Tracker ID        : #63
Detection Time    : 2026-08-11 18:03:03
Sensor Brightness : 84.6 Lux
YOLO Confidence   : 56.3%

Please review this alert in the FarmGuard Console and confirm if it is correct.
======================================================================

======================================================================
TIMESTAMP : 2026-08-11 18:03:05
TO        : 2024mca081@mite.ac.in
SUBJECT   : [ALERT] Live MACAQUE detected at farm boundaries! (Track #67)
----------------------------------------------------------------------
Alert: An animal intrusion event has occurred.

Species           : Macaque
Tracker ID        : #67
Detection Time    : 2026-08-11 18:03:05
Sensor Brightness : 80.1 Lux
YOLO Confidence   : 66.1%

Please review this alert in the FarmGuard Console and confirm if it is correct.
======================================================================

======================================================================
TIMESTAMP : 2026-08-11 18:03:16
TO        : 2024mca081@mite.ac.in
SUBJECT   : [ALERT] Live MACAQUE detected at farm boundaries! (Track #70)
----------------------------------------------------------------------
Alert: An animal intrusion event has occurred.

Species           : Macaque
Tracker ID        : #70
Detection Time    : 2026-08-11 18:03:16
Sensor Brightness : 34.8 Lux
YOLO Confidence   : 37.2%

Please review this alert in the FarmGuard Console and confirm if it is correct.
======================================================================

[2026-08-11 18:03:51] Settings Updated: Alerts enabled for manojpoojary2004@gmail.com. SMTP config updated.
[2026-08-11 18:03:52] Settings Updated: Alerts enabled for manojpoojary2004@gmail.com. SMTP config updated.
======================================================================
TIMESTAMP : 2026-08-11 18:05:13
TO        : manojpoojary2004@gmail.com
SUBJECT   : [ALERT] Live MACAQUE detected at farm boundaries! (Track #70)
----------------------------------------------------------------------
Alert: An animal intrusion event has occurred.

Species           : Macaque
Tracker ID        : #70
Detection Time    : 2026-08-11 18:05:13
Sensor Brightness : 30.7 Lux
YOLO Confidence   : 62.3%

Please review this alert in the FarmGuard Console and confirm if it is correct.
======================================================================

======================================================================
TIMESTAMP : 2026-08-11 18:05:14
TO        : manojpoojary2004@gmail.com
SUBJECT   : [ALERT] Live MACAQUE detected at farm boundaries! (Track #71)
----------------------------------------------------------------------
Alert: An animal intrusion event has occurred.

Species           : Macaque
Tracker ID        : #71
Detection Time    : 2026-08-11 18:05:14
Sensor Brightness : 28.8 Lux
YOLO Confidence   : 36.7%

Please review this alert in the FarmGuard Console and confirm if it is correct.
======================================================================

======================================================================
TIMESTAMP : 2026-08-11 18:05:17
TO        : manojpoojary2004@gmail.com
SUBJECT   : [ALERT] Live WILD BOAR detected at farm boundaries! (Track #73)
----------------------------------------------------------------------
Alert: An animal intrusion event has occurred.

Species           : Wild boar
Tracker ID        : #73
Detection Time    : 2026-08-11 18:05:16
Sensor Brightness : 109.6 Lux
YOLO Confidence   : 66.6%

Please review this alert in the FarmGuard Console and confirm if it is correct.
======================================================================

======================================================================
TIMESTAMP : 2026-08-11 18:05:17
TO        : manojpoojary2004@gmail.com
SUBJECT   : [ALERT] Live WILD BOAR detected at farm boundaries! (Track #75)
----------------------------------------------------------------------
Alert: An animal intrusion event has occurred.

Species           : Wild boar
Tracker ID        : #75
Detection Time    : 2026-08-11 18:05:17
Sensor Brightness : 102.8 Lux
YOLO Confidence   : 66.3%

Please review this alert in the FarmGuard Console and confirm if it is correct.
======================================================================

======================================================================
TIMESTAMP : 2026-08-11 18:05:20
TO        : manojpoojary2004@gmail.com
SUBJECT   : [ALERT] Live MACAQUE detected at farm boundaries! (Track #75)
----------------------------------------------------------------------
Alert: An animal intrusion event has occurred.

Species           : Macaque
Tracker ID        : #75
Detection Time    : 2026-08-11 18:05:20
Sensor Brightness : 52.0 Lux
YOLO Confidence   : 42.0%

Please review this alert in the FarmGuard Console and confirm if it is correct.
======================================================================

======================================================================
TIMESTAMP : 2026-08-11 18:05:29
TO        : manojpoojary2004@gmail.com
SUBJECT   : [ALERT] Live MACAQUE detected at farm boundaries! (Track #78)
----------------------------------------------------------------------
Alert: An animal intrusion event has occurred.

Species           : Macaque
Tracker ID        : #78
Detection Time    : 2026-08-11 18:05:28
Sensor Brightness : 15.5 Lux
YOLO Confidence   : 59.3%

Please review this alert in the FarmGuard Console and confirm if it is correct.
======================================================================

[2026-08-11 18:09:20] Settings Updated: Alerts enabled for manojpoojary2004@gmail.com. SMTP config updated.
======================================================================
TIMESTAMP : 2026-08-11 18:09:40
TO        : manojpoojary2004@gmail.com
SUBJECT   : [ALERT] Live WILD BOAR detected at farm boundaries! (Track #82)
----------------------------------------------------------------------
Alert: An animal intrusion event has occurred.

Species           : Wild boar
Tracker ID        : #82
Detection Time    : 2026-08-11 18:09:40
Sensor Brightness : 91.7 Lux
YOLO Confidence   : 82.6%

Please review this alert in the FarmGuard Console and confirm if it is correct.
======================================================================

======================================================================
TIMESTAMP : 2026-08-11 18:09:42
TO        : manojpoojary2004@gmail.com
SUBJECT   : [ALERT] Live MACAQUE detected at farm boundaries! (Track #85)
----------------------------------------------------------------------
Alert: An animal intrusion event has occurred.

Species           : Macaque
Tracker ID        : #85
Detection Time    : 2026-08-11 18:09:42
Sensor Brightness : 44.9 Lux
YOLO Confidence   : 37.4%

Please review this alert in the FarmGuard Console and confirm if it is correct.
======================================================================

[2026-08-11 18:13:31] Settings Updated: Alerts enabled for 2024mca081@mite.ac.in. SMTP config updated.
[2026-08-11 18:13:42] Settings Updated: Alerts enabled for 2024mca081@mite.ac.in. SMTP config updated.
======================================================================
TIMESTAMP : 2026-08-11 18:14:01
TO        : 2024mca081@mite.ac.in
SUBJECT   : [ALERT] Live WILD BOAR detected at farm boundaries! (Track #92)
----------------------------------------------------------------------
Alert: An animal intrusion event has occurred.

Species           : Wild boar
Tracker ID        : #92
Detection Time    : 2026-08-11 18:14:01
Sensor Brightness : 96.9 Lux
YOLO Confidence   : 80.1%

Please review this alert in the FarmGuard Console and confirm if it is correct.
======================================================================

======================================================================
TIMESTAMP : 2026-08-11 18:14:08
TO        : 2024mca081@mite.ac.in
SUBJECT   : [ALERT] Live WILD BOAR detected at farm boundaries! (Track #94)
----------------------------------------------------------------------
Alert: An animal intrusion event has occurred.

Species           : Wild boar
Tracker ID        : #94
Detection Time    : 2026-08-11 18:14:01
Sensor Brightness : 96.9 Lux
YOLO Confidence   : 73.0%

Please review this alert in the FarmGuard Console and confirm if it is correct.
======================================================================

======================================================================
TIMESTAMP : 2026-08-11 18:14:16
TO        : 2024mca081@mite.ac.in
SUBJECT   : [ALERT] Live WILD BOAR detected at farm boundaries! (Track #98)
----------------------------------------------------------------------
Alert: An animal intrusion event has occurred.

Species           : Wild boar
Tracker ID        : #98
Detection Time    : 2026-08-11 18:14:16
Sensor Brightness : 88.2 Lux
YOLO Confidence   : 75.1%

Please review this alert in the FarmGuard Console and confirm if it is correct.
======================================================================

======================================================================
TIMESTAMP : 2026-08-11 18:14:25
TO        : 2024mca081@mite.ac.in
SUBJECT   : [ALERT] Live MACAQUE detected at farm boundaries! (Track #100)
----------------------------------------------------------------------
Alert: An animal intrusion event has occurred.

Species           : Macaque
Tracker ID        : #100
Detection Time    : 2026-08-11 18:14:24
Sensor Brightness : 27.0 Lux
YOLO Confidence   : 51.9%

Please review this alert in the FarmGuard Console and confirm if it is correct.
======================================================================

======================================================================
TIMESTAMP : 2026-08-11 18:14:31
TO        : 2024mca081@mite.ac.in
SUBJECT   : [ALERT] Live REFRIGERATOR detected at farm boundaries! (Track #100)
----------------------------------------------------------------------
Alert: An animal intrusion event has occurred.

Species           : Refrigerator
Tracker ID        : #100
Detection Time    : 2026-08-11 18:14:31
Sensor Brightness : 61.5 Lux
YOLO Confidence   : 80.9%

Please review this alert in the FarmGuard Console and confirm if it is correct.
======================================================================

======================================================================
TIMESTAMP : 2026-08-11 18:14:43
TO        : 2024mca081@mite.ac.in
SUBJECT   : [ALERT] Live WILD BOAR detected at farm boundaries! (Track #105)
----------------------------------------------------------------------
Alert: An animal intrusion event has occurred.

Species           : Wild boar
Tracker ID        : #105
Detection Time    : 2026-08-11 18:14:42
Sensor Brightness : 94.0 Lux
YOLO Confidence   : 62.0%

Please review this alert in the FarmGuard Console and confirm if it is correct.
======================================================================

======================================================================
TIMESTAMP : 2026-08-11 18:14:50
TO        : 2024mca081@mite.ac.in
SUBJECT   : [ALERT] Live MACAQUE detected at farm boundaries! (Track #109)
----------------------------------------------------------------------
Alert: An animal intrusion event has occurred.

Species           : Macaque
Tracker ID        : #109
Detection Time    : 2026-08-11 18:14:50
Sensor Brightness : 26.6 Lux
YOLO Confidence   : 49.4%

Please review this alert in the FarmGuard Console and confirm if it is correct.
======================================================================

[2026-08-11 18:17:49] Settings Updated: Alerts enabled for farmer@example.com. SMTP config updated.
[2026-08-11 18:23:18] Settings Updated: Alerts enabled for farmer@example.com. SMTP config updated.
======================================================================
TIMESTAMP : 2026-08-11 18:24:21
TO        : farmer@example.com
SUBJECT   : [FORECAST] Predicted ELEPHANT arrival window within next 30h!
----------------------------------------------------------------------
Predictive Warning: An animal is expected to arrive soon.

Species           : Elephant
Expected Time     : 2026-08-12 18:00:00
AI Peak Window    : 18:00 - 18:59
Predictability    : 95.0%

Please prepare active deterrents or secure crop boundaries for the scheduled hour.
======================================================================

======================================================================
TIMESTAMP : 2026-08-11 18:24:24
TO        : farmer@example.com
SUBJECT   : [FORECAST] Predicted ELEPHANT arrival window within next 30h!
----------------------------------------------------------------------
Predictive Warning: An animal is expected to arrive soon.

Species           : Elephant
Expected Time     : 2026-08-12 18:00:00
AI Peak Window    : 18:00 - 18:59
Predictability    : 95.0%

Please prepare active deterrents or secure crop boundaries for the scheduled hour.
======================================================================

======================================================================
TIMESTAMP : 2026-08-11 18:24:40
TO        : farmer@example.com
SUBJECT   : [FORECAST] Predicted ELEPHANT arrival window within next 30h!
----------------------------------------------------------------------
Predictive Warning: An animal is expected to arrive soon.

Species           : Elephant
Expected Time     : 2026-08-12 18:00:00
AI Peak Window    : 18:00 - 18:59
Predictability    : 95.0%

Please prepare active deterrents or secure crop boundaries for the scheduled hour.
======================================================================

======================================================================
TIMESTAMP : 2026-08-11 18:24:44
TO        : farmer@example.com
SUBJECT   : [FORECAST] Predicted ELEPHANT arrival window within next 30h!
----------------------------------------------------------------------
Predictive Warning: An animal is expected to arrive soon.

Species           : Elephant
Expected Time     : 2026-08-12 18:00:00
AI Peak Window    : 18:00 - 18:59
Predictability    : 95.0%

Please prepare active deterrents or secure crop boundaries for the scheduled hour.
======================================================================

======================================================================
TIMESTAMP : 2026-08-11 18:24:49
TO        : farmer@example.com
SUBJECT   : [FORECAST] Predicted ELEPHANT arrival window within next 30h!
----------------------------------------------------------------------
Predictive Warning: An animal is expected to arrive soon.

Species           : Elephant
Expected Time     : 2026-08-12 17:53:00
AI Peak Window    : 17:00 - 17:59
Predictability    : 95.0%

Please prepare active deterrents or secure crop boundaries for the scheduled hour.
======================================================================

======================================================================
TIMESTAMP : 2026-08-11 18:28:42
TO        : farmer@example.com
SUBJECT   : [FORECAST] Predicted MACAQUE arrival window within next 30h!
----------------------------------------------------------------------
Predictive Warning: An animal is expected to arrive soon.

Species           : Macaque
Expected Time     : 2026-08-12 18:08:00
AI Peak Window    : 18:00 - 18:59
Predictability    : 95.0%

Please prepare active deterrents or secure crop boundaries for the scheduled hour.
======================================================================

[2026-08-11 18:31:00] Settings Updated: Alerts enabled for 2024mca081@mite.ac.in. SMTP config updated.
